Analysis & Elaboration report for mcu
Mon Dec 26 08:13:16 2022
Quartus II 64-Bit Version 13.1.0 Build 162 10/23/2013 SJ Web Edition


---------------------
; Table of Contents ;
---------------------
  1. Legal Notice
  2. Analysis & Elaboration Summary
  3. Parallel Compilation
  4. Parameter Settings for User Entity Instance: cpu:cpu_test
  5. Analysis & Elaboration Settings
  6. Port Connectivity Checks: "cpu:cpu_test"
  7. Analysis & Elaboration Messages
  8. Analysis & Elaboration Suppressed Messages



----------------
; Legal Notice ;
----------------
Copyright (C) 1991-2013 Altera Corporation
Your use of Altera Corporation's design tools, logic functions 
and other software and tools, and its AMPP partner logic 
functions, and any output files from any of the foregoing 
(including device programming or simulation files), and any 
associated documentation or information are expressly subject 
to the terms and conditions of the Altera Program License 
Subscription Agreement, Altera MegaCore Function License 
Agreement, or other applicable license agreement, including, 
without limitation, that your use is for the sole purpose of 
programming logic devices manufactured by Altera and sold by 
Altera or its authorized distributors.  Please refer to the 
applicable agreement for further details.



+---------------------------------------------------------------------------------+
; Analysis & Elaboration Summary                                                  ;
+------------------------------------+--------------------------------------------+
; Analysis & Elaboration Status      ; Successful - Mon Dec 26 08:13:16 2022      ;
; Quartus II 64-Bit Version          ; 13.1.0 Build 162 10/23/2013 SJ Web Edition ;
; Revision Name                      ; mcu                                        ;
; Top-level Entity Name              ; mcu                                        ;
; Family                             ; Cyclone III                                ;
; Total logic elements               ; N/A until Partition Merge                  ;
;     Total combinational functions  ; N/A until Partition Merge                  ;
;     Dedicated logic registers      ; N/A until Partition Merge                  ;
; Total registers                    ; N/A until Partition Merge                  ;
; Total pins                         ; N/A until Partition Merge                  ;
; Total virtual pins                 ; N/A until Partition Merge                  ;
; Total memory bits                  ; N/A until Partition Merge                  ;
; Embedded Multiplier 9-bit elements ; N/A until Partition Merge                  ;
; Total PLLs                         ; N/A until Partition Merge                  ;
+------------------------------------+--------------------------------------------+


Parallel compilation was disabled, but you have multiple processors available. Enable parallel compilation to reduce compilation time.
+-------------------------------------+
; Parallel Compilation                ;
+----------------------------+--------+
; Processors                 ; Number ;
+----------------------------+--------+
; Number detected on machine ; 8      ;
; Maximum allowed            ; 1      ;
+----------------------------+--------+


+-----------------------------------------------------------+
; Parameter Settings for User Entity Instance: cpu:cpu_test ;
+----------------+-------+----------------------------------+
; Parameter Name ; Value ; Type                             ;
+----------------+-------+----------------------------------+
; T0             ; 0     ; Signed Integer                   ;
; T1             ; 1     ; Signed Integer                   ;
; T2             ; 2     ; Signed Integer                   ;
; T3             ; 3     ; Signed Integer                   ;
; T4             ; 4     ; Signed Integer                   ;
; T5             ; 5     ; Signed Integer                   ;
; T6             ; 6     ; Signed Integer                   ;
+----------------+-------+----------------------------------+
Note: In order to hide this table in the UI and the text report file, please set the "Show Parameter Settings in Synthesis Report" option in "Analysis and Synthesis Settings -> More Settings" to "Off".


+----------------------------------------------------------------------------------------------------------------------+
; Analysis & Elaboration Settings                                                                                      ;
+----------------------------------------------------------------------------+--------------------+--------------------+
; Option                                                                     ; Setting            ; Default Value      ;
+----------------------------------------------------------------------------+--------------------+--------------------+
; Device                                                                     ; EP3C16F484C6       ;                    ;
; Top-level entity name                                                      ; mcu                ; mcu                ;
; Family name                                                                ; Cyclone III        ; Cyclone IV GX      ;
; Use smart compilation                                                      ; Off                ; Off                ;
; Enable parallel Assembler and TimeQuest Timing Analyzer during compilation ; On                 ; On                 ;
; Enable compact report table                                                ; Off                ; Off                ;
; Restructure Multiplexers                                                   ; Auto               ; Auto               ;
; Create Debugging Nodes for IP Cores                                        ; Off                ; Off                ;
; Preserve fewer node names                                                  ; On                 ; On                 ;
; Disable OpenCore Plus hardware evaluation                                  ; Off                ; Off                ;
; Verilog Version                                                            ; Verilog_2001       ; Verilog_2001       ;
; VHDL Version                                                               ; VHDL_1993          ; VHDL_1993          ;
; State Machine Processing                                                   ; Auto               ; Auto               ;
; Safe State Machine                                                         ; Off                ; Off                ;
; Extract Verilog State Machines                                             ; On                 ; On                 ;
; Extract VHDL State Machines                                                ; On                 ; On                 ;
; Ignore Verilog initial constructs                                          ; Off                ; Off                ;
; Iteration limit for constant Verilog loops                                 ; 5000               ; 5000               ;
; Iteration limit for non-constant Verilog loops                             ; 250                ; 250                ;
; Add Pass-Through Logic to Inferred RAMs                                    ; On                 ; On                 ;
; Infer RAMs from Raw Logic                                                  ; On                 ; On                 ;
; Parallel Synthesis                                                         ; On                 ; On                 ;
; DSP Block Balancing                                                        ; Auto               ; Auto               ;
; NOT Gate Push-Back                                                         ; On                 ; On                 ;
; Power-Up Don't Care                                                        ; On                 ; On                 ;
; Remove Redundant Logic Cells                                               ; Off                ; Off                ;
; Remove Duplicate Registers                                                 ; On                 ; On                 ;
; Ignore CARRY Buffers                                                       ; Off                ; Off                ;
; Ignore CASCADE Buffers                                                     ; Off                ; Off                ;
; Ignore GLOBAL Buffers                                                      ; Off                ; Off                ;
; Ignore ROW GLOBAL Buffers                                                  ; Off                ; Off                ;
; Ignore LCELL Buffers                                                       ; Off                ; Off                ;
; Ignore SOFT Buffers                                                        ; On                 ; On                 ;
; Limit AHDL Integers to 32 Bits                                             ; Off                ; Off                ;
; Optimization Technique                                                     ; Balanced           ; Balanced           ;
; Carry Chain Length                                                         ; 70                 ; 70                 ;
; Auto Carry Chains                                                          ; On                 ; On                 ;
; Auto Open-Drain Pins                                                       ; On                 ; On                 ;
; Perform WYSIWYG Primitive Resynthesis                                      ; Off                ; Off                ;
; Auto ROM Replacement                                                       ; On                 ; On                 ;
; Auto RAM Replacement                                                       ; On                 ; On                 ;
; Auto DSP Block Replacement                                                 ; On                 ; On                 ;
; Auto Shift Register Replacement                                            ; Auto               ; Auto               ;
; Allow Shift Register Merging across Hierarchies                            ; Auto               ; Auto               ;
; Auto Clock Enable Replacement                                              ; On                 ; On                 ;
; Strict RAM Replacement                                                     ; Off                ; Off                ;
; Allow Synchronous Control Signals                                          ; On                 ; On                 ;
; Force Use of Synchronous Clear Signals                                     ; Off                ; Off                ;
; Auto RAM Block Balancing                                                   ; On                 ; On                 ;
; Auto RAM to Logic Cell Conversion                                          ; Off                ; Off                ;
; Auto Resource Sharing                                                      ; Off                ; Off                ;
; Allow Any RAM Size For Recognition                                         ; Off                ; Off                ;
; Allow Any ROM Size For Recognition                                         ; Off                ; Off                ;
; Allow Any Shift Register Size For Recognition                              ; Off                ; Off                ;
; Use LogicLock Constraints during Resource Balancing                        ; On                 ; On                 ;
; Ignore translate_off and synthesis_off directives                          ; Off                ; Off                ;
; Timing-Driven Synthesis                                                    ; On                 ; On                 ;
; Report Parameter Settings                                                  ; On                 ; On                 ;
; Report Source Assignments                                                  ; On                 ; On                 ;
; Report Connectivity Checks                                                 ; On                 ; On                 ;
; Ignore Maximum Fan-Out Assignments                                         ; Off                ; Off                ;
; Synchronization Register Chain Length                                      ; 2                  ; 2                  ;
; PowerPlay Power Optimization                                               ; Normal compilation ; Normal compilation ;
; HDL message level                                                          ; Level2             ; Level2             ;
; Suppress Register Optimization Related Messages                            ; Off                ; Off                ;
; Number of Removed Registers Reported in Synthesis Report                   ; 5000               ; 5000               ;
; Number of Swept Nodes Reported in Synthesis Report                         ; 5000               ; 5000               ;
; Number of Inverted Registers Reported in Synthesis Report                  ; 100                ; 100                ;
; Clock MUX Protection                                                       ; On                 ; On                 ;
; Auto Gated Clock Conversion                                                ; Off                ; Off                ;
; Block Design Naming                                                        ; Auto               ; Auto               ;
; SDC constraint protection                                                  ; Off                ; Off                ;
; Synthesis Effort                                                           ; Auto               ; Auto               ;
; Shift Register Replacement - Allow Asynchronous Clear Signal               ; On                 ; On                 ;
; Pre-Mapping Resynthesis Optimization                                       ; Off                ; Off                ;
; Analysis & Synthesis Message Level                                         ; Medium             ; Medium             ;
; Disable Register Merging Across Hierarchies                                ; Auto               ; Auto               ;
; Resource Aware Inference For Block RAM                                     ; On                 ; On                 ;
; Synthesis Seed                                                             ; 1                  ; 1                  ;
+----------------------------------------------------------------------------+--------------------+--------------------+


+---------------------------------------------------+
; Port Connectivity Checks: "cpu:cpu_test"          ;
+------+--------+----------+------------------------+
; Port ; Type   ; Severity ; Details                ;
+------+--------+----------+------------------------+
; w_q  ; Output ; Info     ; Explicitly unconnected ;
+------+--------+----------+------------------------+


+---------------------------------+
; Analysis & Elaboration Messages ;
+---------------------------------+
Info: *******************************************************************
Info: Running Quartus II 64-Bit Analysis & Elaboration
    Info: Version 13.1.0 Build 162 10/23/2013 SJ Web Edition
    Info: Processing started: Mon Dec 26 08:13:15 2022
Info: Command: quartus_map --read_settings_files=on --write_settings_files=off mcu -c mcu --analysis_and_elaboration
Warning (20028): Parallel compilation is not licensed and has been disabled
Info (12021): Found 1 design units, including 1 entities, in source file design/stack.sv
    Info (12023): Found entity 1: Stack
Warning (12019): Can't analyze file -- file design/Program_Rom_2.sv is missing
Info (12021): Found 1 design units, including 1 entities, in source file design/single_port_ram_128x8.sv
    Info (12023): Found entity 1: single_port_ram_128x8
Info (12021): Found 1 design units, including 1 entities, in source file design/seven_seg_decoder.sv
    Info (12023): Found entity 1: seven_seg_decoder
Info (12021): Found 1 design units, including 1 entities, in source file design/program_rom.sv
    Info (12023): Found entity 1: Program_Rom
Info (12021): Found 1 design units, including 1 entities, in source file design/cpu.sv
    Info (12023): Found entity 1: cpu
Info (12021): Found 1 design units, including 1 entities, in source file design/alu_seven_seg_decoder.sv
    Info (12023): Found entity 1: ALU_seven_seg_decoder
Info (12021): Found 1 design units, including 1 entities, in source file design/alu_4bit.sv
    Info (12023): Found entity 1: ALU_4bit
Warning (12019): Can't analyze file -- file design/sub_8bit.sv is missing
Info (12021): Found 1 design units, including 1 entities, in source file design/mcu.sv
    Info (12023): Found entity 1: mcu
Warning (12019): Can't analyze file -- file design/adder_8bit.sv is missing
Warning (10236): Verilog HDL Implicit Net warning at cpu.sv(95): created implicit net for "d"
Warning (10236): Verilog HDL Implicit Net warning at cpu.sv(158): created implicit net for "aluout_zero"
Warning (10236): Verilog HDL Implicit Net warning at cpu.sv(227): created implicit net for "addr_port_b"
Warning (10236): Verilog HDL Implicit Net warning at cpu.sv(238): created implicit net for "addr_port_c"
Warning (10236): Verilog HDL Implicit Net warning at cpu.sv(241): created implicit net for "movlw"
Warning (10236): Verilog HDL Implicit Net warning at cpu.sv(242): created implicit net for "addlw"
Warning (10236): Verilog HDL Implicit Net warning at cpu.sv(243): created implicit net for "sublw"
Warning (10236): Verilog HDL Implicit Net warning at cpu.sv(244): created implicit net for "andlw"
Warning (10236): Verilog HDL Implicit Net warning at cpu.sv(245): created implicit net for "iorlw"
Warning (10236): Verilog HDL Implicit Net warning at cpu.sv(246): created implicit net for "xorlw"
Warning (10236): Verilog HDL Implicit Net warning at cpu.sv(248): created implicit net for "addwf"
Warning (10236): Verilog HDL Implicit Net warning at cpu.sv(249): created implicit net for "andwf"
Warning (10236): Verilog HDL Implicit Net warning at cpu.sv(250): created implicit net for "clrf"
Warning (10236): Verilog HDL Implicit Net warning at cpu.sv(251): created implicit net for "clrw"
Warning (10236): Verilog HDL Implicit Net warning at cpu.sv(252): created implicit net for "comf"
Warning (10236): Verilog HDL Implicit Net warning at cpu.sv(253): created implicit net for "decf"
Warning (10236): Verilog HDL Implicit Net warning at cpu.sv(254): created implicit net for "goto"
Warning (10236): Verilog HDL Implicit Net warning at cpu.sv(256): created implicit net for "incf"
Warning (10236): Verilog HDL Implicit Net warning at cpu.sv(257): created implicit net for "iorwf"
Warning (10236): Verilog HDL Implicit Net warning at cpu.sv(258): created implicit net for "subwf"
Warning (10236): Verilog HDL Implicit Net warning at cpu.sv(259): created implicit net for "xorwf"
Warning (10236): Verilog HDL Implicit Net warning at cpu.sv(260): created implicit net for "movf"
Warning (10236): Verilog HDL Implicit Net warning at cpu.sv(261): created implicit net for "movwf"
Warning (10236): Verilog HDL Implicit Net warning at cpu.sv(263): created implicit net for "bcf"
Warning (10236): Verilog HDL Implicit Net warning at cpu.sv(264): created implicit net for "bsf"
Warning (10236): Verilog HDL Implicit Net warning at cpu.sv(265): created implicit net for "btfsc"
Warning (10236): Verilog HDL Implicit Net warning at cpu.sv(266): created implicit net for "btfss"
Warning (10236): Verilog HDL Implicit Net warning at cpu.sv(267): created implicit net for "decfsz"
Warning (10236): Verilog HDL Implicit Net warning at cpu.sv(268): created implicit net for "incfsz"
Warning (10236): Verilog HDL Implicit Net warning at cpu.sv(270): created implicit net for "asrf"
Warning (10236): Verilog HDL Implicit Net warning at cpu.sv(271): created implicit net for "lslf"
Warning (10236): Verilog HDL Implicit Net warning at cpu.sv(272): created implicit net for "lsrf"
Warning (10236): Verilog HDL Implicit Net warning at cpu.sv(273): created implicit net for "rlf"
Warning (10236): Verilog HDL Implicit Net warning at cpu.sv(274): created implicit net for "rrf"
Warning (10236): Verilog HDL Implicit Net warning at cpu.sv(275): created implicit net for "swapf"
Warning (10236): Verilog HDL Implicit Net warning at cpu.sv(277): created implicit net for "call"
Warning (10236): Verilog HDL Implicit Net warning at cpu.sv(278): created implicit net for "RETURN"
Warning (10236): Verilog HDL Implicit Net warning at cpu.sv(280): created implicit net for "bra"
Warning (10236): Verilog HDL Implicit Net warning at cpu.sv(281): created implicit net for "brw"
Warning (10236): Verilog HDL Implicit Net warning at cpu.sv(282): created implicit net for "nop"
Warning (10236): Verilog HDL Implicit Net warning at cpu.sv(284): created implicit net for "addweqcsz"
Warning (10236): Verilog HDL Implicit Net warning at cpu.sv(285): created implicit net for "portcxwsz"
Warning (10236): Verilog HDL Implicit Net warning at cpu.sv(288): created implicit net for "btfsc_skip_bit"
Warning (10236): Verilog HDL Implicit Net warning at cpu.sv(289): created implicit net for "btfss_skip_bit"
Warning (10236): Verilog HDL Implicit Net warning at cpu.sv(290): created implicit net for "btfsc_btfss_skip_bit"
Info (12127): Elaborating entity "mcu" for the top level hierarchy
Warning (10034): Output port "HEX2" at mcu.sv(14) has no driver
Warning (10034): Output port "HEX3" at mcu.sv(15) has no driver
Warning (10034): Output port "LED" at mcu.sv(18) has no driver
Info (12128): Elaborating entity "cpu" for hierarchy "cpu:cpu_test"
Warning (10230): Verilog HDL assignment warning at cpu.sv(47): truncated value with size 32 to match size of target (11)
Warning (10230): Verilog HDL assignment warning at cpu.sv(53): truncated value with size 32 to match size of target (11)
Warning (10230): Verilog HDL assignment warning at cpu.sv(54): truncated value with size 32 to match size of target (11)
Warning (10230): Verilog HDL assignment warning at cpu.sv(185): truncated value with size 32 to match size of target (8)
Warning (10230): Verilog HDL assignment warning at cpu.sv(186): truncated value with size 32 to match size of target (8)
Info (12128): Elaborating entity "Stack" for hierarchy "cpu:cpu_test|Stack:stack_unit"
Warning (10230): Verilog HDL assignment warning at Stack.sv(16): truncated value with size 32 to match size of target (4)
Warning (10230): Verilog HDL assignment warning at Stack.sv(28): truncated value with size 32 to match size of target (4)
Warning (10230): Verilog HDL assignment warning at Stack.sv(32): truncated value with size 32 to match size of target (4)
Info (12128): Elaborating entity "Program_Rom" for hierarchy "cpu:cpu_test|Program_Rom:ROM_unit"
Info (12128): Elaborating entity "single_port_ram_128x8" for hierarchy "cpu:cpu_test|single_port_ram_128x8:RAM_unit"
Warning (10036): Verilog HDL or VHDL warning at single_port_ram_128x8.sv(23): object "ram21" assigned a value but never read
Warning (10036): Verilog HDL or VHDL warning at single_port_ram_128x8.sv(24): object "ram22" assigned a value but never read
Warning (10036): Verilog HDL or VHDL warning at single_port_ram_128x8.sv(25): object "ram36" assigned a value but never read
Warning (10036): Verilog HDL or VHDL warning at single_port_ram_128x8.sv(26): object "ram37" assigned a value but never read
Info (12128): Elaborating entity "seven_seg_decoder" for hierarchy "seven_seg_decoder:seven_seg_decoder_unit"
Info (144001): Generated suppressed messages file D:/code/Program_sv/no_pipeline_2021_finalexam_practice/output_files/mcu.map.smsg
Info: Quartus II 64-Bit Analysis & Elaboration was successful. 0 errors, 64 warnings
    Info: Peak virtual memory: 4600 megabytes
    Info: Processing ended: Mon Dec 26 08:13:16 2022
    Info: Elapsed time: 00:00:01
    Info: Total CPU time (on all processors): 00:00:01


+--------------------------------------------+
; Analysis & Elaboration Suppressed Messages ;
+--------------------------------------------+
The suppressed messages can be found in D:/code/Program_sv/no_pipeline_2021_finalexam_practice/output_files/mcu.map.smsg.


